; Bastion Coast map. Licence CC BY-SA 4.0. Designed for Second Credit.
name=First Shore
rounds=3
~~~~~~~~~~~~~~~~~~~~~~~~~~~~~~~~~~~~~~~~
~~~~~~~~~~~~~~~~~~~~~~~~~~~~~~~~~~~~~~~~
~~~~.......~~~~~~~~~~~~~~~~~~~~~~~~~~~~~
~~~..........~~~~~~~~~~~~~~~~~~~~~~~~~~~
~~.............~~~~~~~~~~~~~~~~~~~~~~~~~
~~................~~~~~~~~~~~~~~~~~~~~~~
~~.....C............~~~~~~~~~~~~~~~~~~~~
~~.....................~~~~~~~~~~~~~~~~~
~~.......................~~~~~~~~~~~~~~~
~~~.........................~~~~~~~~~~~~
~~~...............C.........~~~~~~~~~~~~
~~~~.........................~~~~~~~~~~~
~~~~.....##..................~~~~~~~~~~~
~~~~.....##...................~~~~~~~~~~
~~~~...........................~~~~~~~~~
~~~~.....C.....................~~~~~~~~~
~~~~..........................~~~~~~~~~~
~~~~................C.........~~~~~~~~~~
~~~~~.........................~~~~~~~~~~
~~~~~.........................~~~~~~~~~~
~~~~~~.......................~~~~~~~~~~~
~~~~~~~....................~~~~~~~~~~~~~
~~~~~~~~~..............~~~~~~~~~...~~~~~
~~~~~~~~~~~~.......~~~~~~~~~~~.....~~~~~
~~~~~~~~~~~~~~~~~~~~~~~~~~~~~~.....~~~~~
~~~~~~~~~~~~~~~~~~~~~~~~~~~~~~~~~~~~~~~~
~~~~~~~~~~~~~~~~~~~~~~~~~~~~~~~~~~~~~~~~
~~~~~~~~~~~~~~~~~~~~~~~~~~~~~~~~~~~~~~~~
