; Bastion Coast island. Licence CC BY-SA 4.0. Designed for Second Credit.
name=Last Light
rounds=6
~~~~~~~~~~~~~~~~~~~~~~~~~~~~~~~~~~~~~~~~
~~~~~~~~~~~~~~~~~~~~~~~~~~~~~~~~~~~~~~~~
~~~~~~~~~~~~~~~~~~~~~~~~~~~~~~~~~~~~~~~~
~~~~~.......~~~~~~~~~~~~~~~~~~~~~~~~~~~~
~~~~.....................~~~~~~~~~~~~~~~
~~~...........................~~~~~~~~~~
~~~............................~~~~~~~~~
~~~.....C.......................~~~~~~~~
~~~.................C.............~~~~~~
~~~~...............................~~~~~
~~~~...............................~~~~~
~~~~................................~~~~
~~~~...........##.............C......~~~
~~~~...........##........##..........~~~
~~~~~....................##..........~~~
~~~~~................................~~~
~~~~~................................~~~
~~~~........C.......................~~~~
~~~~...............................~~~~~
~~~~~~~....................C.........~~~
~~~~~~~~............###................~
~~~~~~~~...............................~
~~~~~~~~~~.............................~
~~~~~~~~~~~~...........................~
~~~~~~~~~~~~~....~......~~~...........~~
~~~~~~~~~~~~~~~~~~~~~.~~~~~~~~.......~~~
~~~~~~~~~~~~~~~~~~~~~~~~~~~~~~~~~~~~~~~~
~~~~~~~~~~~~~~~~~~~~~~~~~~~~~~~~~~~~~~~~
