; Bastion Coast island. Licence CC BY-SA 4.0. Designed for Second Credit.
name=The Narrows
rounds=5
~~~~~~~~~~~~~~~~~~~~~~~~~~~~~~~~~~~~~~~~
~~~~~~~~~~~~~.~~~~~~~~~~~~~~~~~~~~~~~~~~
~~~~~~..........~~~~~~~~~~~~~~~~~~~~~~~~
~~~~~.............~~~~~~~~~~~~~~~~~~~~~~
~~~.................~~~~~~~~~~~~~~~~~~~~
~~..................~~~~~~~~~~~~~~~~~~~~
~~......C............~~~~~~~~~~~~~~~~~~~
~..............C......~~~~~~~~~~~~~~~~~~
~.....................~~~~~~~~~~~~~~~~~~
~.....................~~~~~~~~~~~~~~~~~~
~.....................~~~~~~~~~~~~~~~~~~
~.....................~~~~~~.~~~~~~~~~~~
~~...............#................~~~~~~
~~...............#......#...........~~~~
~~~.....................#..............~
~~~~...................................~
~~~~~~~................................~
~~~~~~~~~~~~~~~~~~~....................~
~~~~~~~~~~~~~~~~~~~..........C.........~
~~~~~~~~~~~~~~~~~~~....................~
~~~~~~~~~~~~~~~~~~~....................~
~~~~~~~~~~~~~~~~~~~....................~
~~~~~~~~~~~~~~~~~~~~...................~
~~~~~~~~~~~~~~~~~~~~~..................~
~~~~~~~~~~~~~~~~~~~~~~................~~
~~~~~~~~~~~~~~~~~~~~~~~.............~~~~
~~~~~~~~~~~~~~~~~~~~~~~~~..........~~~~~
~~~~~~~~~~~~~~~~~~~~~~~~~~~~~~~~~~~~~~~~
