; Bastion Coast island. Licence CC BY-SA 4.0. Designed for Second Credit.
name=Twin Coves
rounds=4
~~~~~~~~~~~~~~~~~~~~~~~~~~~~~~~~~~~~~~~~
~~~~~~~~~~~~~~~~~~~~~~~~~~~~~~~~~~~~~~~~
~~~~~~~~~~~~~~~~~~~~~~~~~~~~~~~~~~~~~~~~
~~~~~~~~~.~~~~~~~~~~~~~~~~~~~~~~~~~~~~~~
~~~~~~~.........~~~~~~~~~~~~~~~~~~~~~~~~
~~~~~............~~~~~~~~~~~~~~~~~~~~~~~
~~~~...............~~~~~~~~~~~~~~~~~~~~~
~~~~................~~~~~~~~~~~~~~~~~~~~
~~~..................~~~~~~.~~~~~~~~~~~~
~~~......C..............##.......~~~~~~~
~~................................~~~~~~
~~...................................~~~
~~~................C.................~~~
~~~...................................~~
~~~~..................................~~
~~~~~.................................~~
~~~~~~.........~.............C........~~
~~~~~~~~~~~~.~~~~.....................~~
~~~~~~~~~~~~~~~~~~~...................~~
~~~~~~~~~~~~~~~~~~~~..................~~
~~~~~~~~~~~~~~~~~~~~~.................~~
~~~~~~~~~~~~~~~~~~~~~...............~~~~
~~~~~~~~~~~~~~~~~~~~~~............~~~~~~
~~~~~~~~~~~~~~~~~~~~~~~~.........~~~~~~~
~~~~~~~~~~~~~~~~~~~~~~~~~~..~~~~~~~~~~~~
~~~~~~~~~~~~~~~~~~~~~~~~~~~~~~~~~~~~~~~~
~~~~~~~~~~~~~~~~~~~~~~~~~~~~~~~~~~~~~~~~
~~~~~~~~~~~~~~~~~~~~~~~~~~~~~~~~~~~~~~~~
