; Bastion Coast versus map. Licence CC BY-SA 4.0. Designed for Second Credit.
; Castles marked 1, 2, 3 belong to that player; each player builds only on the land around them.
name=Three Crowns
players=3
rounds=8
~~~~~~~~~~~~~~~~~~~~~~~~~~~~~~~~~~~~~~~~~~~~~~~~~~
~~~~~~~~~~.......~~~~~~~~~~~~~~~...~~~~~~~~~~~~~~~
~~~~~~~...........~~~~~~~~~~~~.......~~~~~~~~~~~~~
~~~~~~.............~~~~~~~~~~.................~~~~
~~~~~..............~~~~~~~~~...................~~~
~~~~~........##.....~~~~~~~........##...........~~
~~~~.................~~~~~~.....................~~
~~~~...................~~~~.....................~~
~~~~....1..............~~~~.............2.......~~
~~~....................~~~~.....................~~
~~~....................~~~~.....................~~
~~.............1.......~~~~......2..............~~
~~.....................~~~~....................~~~
~~.....................~~~~~...................~~~
~~.....................~~~~~~.................~~~~
~~~........#..........~~~~~~~~........#......~~~~~
~~~~................~~~~~~~~~~~...........~~~~~~~~
~~~~~~...........~~~~~~~~~~~~~~~........~~~~~~~~~~
~~~~~~~~~~~~~~~~~~~~~~~~~~~~~~~~~~~~~~~~~~~~~~~~~~
~~~~~~~~~~~~~~~~~~~~~~~~~~~~~~~~~~~~~~~~~~~~~~~~~~
~~~~~~~~~~~~~~~~~~~~~~~~~~~~~~~~~~~~~~~~~~~~~~~~~~
~~~~~~~~~~~~~~~.....................~~~~~~~~~~~~~~
~~~~~~~~~~~~~..........................~~~~~~~~~~~
~~~~~~~~~~~~.............................~~~~~~~~~
~~~~~~~~~~~...............................~~~~~~~~
~~~~~~~~~~.......3..............3.........~~~~~~~~
~~~~~~~~~~................................~~~~~~~~
~~~~~~~~~~~...............................~~~~~~~~
~~~~~~~~~~~..............................~~~~~~~~~
~~~~~~~~~~~~............................~~~~~~~~~~
~~~~~~~~~~~~~~.........##.............~~~~~~~~~~~~
~~~~~~~~~~~~~~~....................~~~~~~~~~~~~~~~
~~~~~~~~~~~~~~~~~.............~~~~~~~~~~~~~~~~~~~~
~~~~~~~~~~~~~~~~~~~~~~~~~~~~~~~~~~~~~~~~~~~~~~~~~~
